<html>
<body>
<pre>
<h1>µVision Build Log</h1>
<h2>Tool Versions:</h2>
IDE-Version: ¦ÌVision V5.14.1
Copyright (C) 2015 ARM Ltd and ARM Germany GmbH. All rights reserved.
License Information: Cortex-M3, 1, LIC=WHYH9-4GSGR-LQ60Q-NQL9M-3RT74-ICXS1
 
Tool Versions:
Toolchain:       MDK-ARM Plus  Version: 5.36.0.0
Toolchain Path:  D:\EmbededSoft\keil5\ARM\ARMCC\Bin
C Compiler:      Armcc.exe V5.06 update 7 (build 960)
Assembler:       Armasm.exe V5.06 update 7 (build 960)
Linker/Locator:  ArmLink.exe V5.06 update 7 (build 960)
Library Manager: ArmAr.exe V5.06 update 7 (build 960)
Hex Converter:   FromElf.exe V5.06 update 7 (build 960)
CPU DLL:         SARMCM3.DLL V5.36.0.0
Dialog DLL:      DCM.DLL V1.17.3.0
Target DLL:      STLink\ST-LINKIII-KEIL_SWO.dll V3.0.9.0
Dialog DLL:      TCM.DLL V1.53.0.0
 
<h2>Project:</h2>
D:\lenovo\Desktop\STM32F103_G2\Project.uvprojx
Project File Date:  09/14/2025

<h2>Output:</h2>
*** Using Compiler 'V5.06 update 7 (build 960)', folder: 'D:\EmbededSoft\keil5\ARM\ARMCC\Bin'
Rebuild target 'Target 1'
assembling startup_stm32f10x_md.s...
compiling core_cm3.c...
compiling system_stm32f10x.c...
compiling misc.c...
compiling stm32f10x_adc.c...
compiling stm32f10x_bkp.c...
compiling stm32f10x_can.c...
compiling stm32f10x_cec.c...
compiling stm32f10x_crc.c...
compiling stm32f10x_dac.c...
compiling stm32f10x_dbgmcu.c...
compiling stm32f10x_dma.c...
compiling stm32f10x_exti.c...
compiling stm32f10x_flash.c...
compiling stm32f10x_fsmc.c...
compiling stm32f10x_gpio.c...
compiling stm32f10x_i2c.c...
compiling stm32f10x_iwdg.c...
compiling stm32f10x_pwr.c...
compiling stm32f10x_rcc.c...
compiling stm32f10x_rtc.c...
compiling stm32f10x_sdio.c...
compiling stm32f10x_spi.c...
compiling stm32f10x_tim.c...
compiling stm32f10x_usart.c...
compiling stm32f10x_wwdg.c...
compiling Delay.c...
compiling MyRTC.c...
System\MyRTC.c(138): warning:  #68-D: integer conversion resulted in a change of sign
        if (time_cnt == -1) {
System\MyRTC.c: 1 warning, 0 errors
compiling Timer.c...
compiling error_handler.c...
System\error_handler.c(59): warning:  #223-D: function "MyRTC_ReadTime" declared implicitly
      error->timestamp = MyRTC_ReadTime();
System\error_handler.c(12): warning:  #550-D: variable "g_errorHead"  was set but never used
  static uint8_t g_errorHead = 0;
System\error_handler.c: 2 warnings, 0 errors
compiling OLED.c...
compiling OLED_Data.c...
compiling menu.c...
compiling modelconfig.c...
compiling Key.c...
compiling LED.c...
compiling SetTime.c...
Hardware\SetTime.c(123): warning:  #186-D: pointless comparison of unsigned integer with zero
                        if(MyRTC_Time[3]<0){MyRTC_Time[3]=23;MyRTC_SetTime();}
Hardware\SetTime.c(151): warning:  #186-D: pointless comparison of unsigned integer with zero
                        if(MyRTC_Time[4]<0){MyRTC_Time[4]=59;MyRTC_SetTime();}
Hardware\SetTime.c(179): warning:  #186-D: pointless comparison of unsigned integer with zero
                        if(MyRTC_Time[5]<0){MyRTC_Time[5]=59;MyRTC_SetTime();}
Hardware\SetTime.c: 3 warnings, 0 errors
compiling MPU6050.c...
compiling MyI2C.c...
compiling dino.c...
compiling AD.c...
compiling menu_improved.c...
Hardware\menu_improved.c(5): warning:  #177-D: function "ConvertKeyToAppEvent"  was declared but never referenced
  static AppEvent_t ConvertKeyToAppEvent(KeyType_t keyEvent);
Hardware\menu_improved.c: 1 warning, 0 errors
compiling mpu6050_optimized.c...
compiling ui_manager.c...
Hardware\ui_manager.c(192): warning:  #223-D: function "strncpy" declared implicitly
      strncpy(textData.text, text, sizeof(textData.text) - 1);
Hardware\ui_manager.c: 1 warning, 0 errors
compiling key_manager.c...
compiling stm32f10x_it.c...
compiling model_test.c...
compiling boardconfig.c...
compiling app_state.c...
compiling main_improved.c...
compiling main.c...
linking...
Program Size: Code=28846 RO-data=9986 RW-data=188 ZI-data=4180  
".\Objects\Project.axf" - 0 Error(s), 8 Warning(s).

<h2>Collection of Component include folders:</h2>
  D:\lenovo\Desktop\STM32F103_G2\RTE
  D:\EmbededSoft\keil5\ARM\PACK\Keil\STM32F1xx_DFP\2.4.1\Device\Include

<h2>Collection of Component Files used:</h2>
</pre>
</body>
</html>
